cargo.exe :     Checking tendermint v0.40.4
At D:\others\BIT\scripts\run-baseline-checks.ps1:31 char:5
+     & $Program @Arguments 2>&1 | Tee-Object -FilePath $bitLog
+     ~~~~~~~~~~~~~~~~~~~~~~~~~~
    + CategoryInfo          : NotSpecified: (    Checking tendermint v0.40.4:String) [], RemoteException
    + FullyQualifiedErrorId : NativeCommandError

    Checking ibc-types-timestamp v0.15.1
    Checking tendermint-light-client-verifier v0.40.4
    Checking ibc-types-core-commitment v0.15.1
    Checking ibc-types-core-client v0.15.1
    Checking ibc-types-core-connection v0.15.1
    Checking ibc-types-core-channel v0.15.1
    Checking ibc-types-path v0.15.1
    Checking ibc-types-lightclients-tendermint v0.15.1
    Checking ibc-types v0.15.1
    Checking penumbra-sdk-proto v2.1.1 (D:\others\BIT\feasibility\upstream\penumbra\crates\proto)
    Checking penumbra-sdk-tct v2.1.1 (D:\others\BIT\feasibility\upstream\penumbra\crates\crypto\tct)
warning: hiding a lifetime that's elided elsewhere is confusing
   --> feasibility\upstream\penumbra\crates\crypto\tct\src\tree.rs:753:22
    |
753 |     pub fn structure(&self) -> structure::Node {
    |                      ^^^^^     ^^^^^^^^^^^^^^^ the same lifetime is hidden here
    |                      |
    |                      the lifetime is elided here
    |
    = help: the same lifetime is referred to in inconsistent ways, making the signature confusing
    = note: `#[warn(mismatched_lifetime_syntaxes)]` on by default
help: use `'_` for type paths
    |
753 |     pub fn structure(&self) -> structure::Node<'_> {
    |                                               ++++

warning: hiding a lifetime that's elided elsewhere is confusing
   --> feasibility\upstream\penumbra\crates\crypto\tct\src\internal\three.rs:106:18
    |
106 |     pub fn elems(&self) -> Elems<T> {
    |                  ^^^^^     ^^^^^^^^ the same lifetime is hidden here
    |                  |
    |                  the lifetime is elided here
    |
    = help: the same lifetime is referred to in inconsistent ways, making the signature confusing
help: use `'_` for type paths
    |
106 |     pub fn elems(&self) -> Elems<'_, T> {
    |                                  +++

warning: hiding a lifetime that's elided elsewhere is confusing
   --> feasibility\upstream\penumbra\crates\crypto\tct\src\internal\three.rs:117:22
    |
117 |     pub fn elems_mut(&mut self) -> ElemsMut<T> {
    |                      ^^^^^^^^^     ^^^^^^^^^^^ the same lifetime is hidden here
    |                      |
    |                      the lifetime is elided here
    |
    = help: the same lifetime is referred to in inconsistent ways, making the signature confusing
help: use `'_` for type paths
    |
117 |     pub fn elems_mut(&mut self) -> ElemsMut<'_, T> {
    |                                             +++

warning: `penumbra-sdk-tct` (lib) generated 3 warnings (run `cargo clippy --fix --lib -p penumbra-sdk-tct -- -D warning
s` to apply 3 suggestions)
    Checking penumbra-sdk-num v2.1.1 (D:\others\BIT\feasibility\upstream\penumbra\crates\core\num)
    Checking penumbra-sdk-asset v2.1.1 (D:\others\BIT\feasibility\upstream\penumbra\crates\core\asset)
    Checking axum-core v0.4.5
    Checking penumbra-sdk-keys v2.1.1 (D:\others\BIT\feasibility\upstream\penumbra\crates\core\keys)
    Checking tower v0.5.3
    Checking penumbra-sdk-txhash v2.1.1 (D:\others\BIT\feasibility\upstream\penumbra\crates\core\txhash)
    Checking axum v0.7.9
    Checking penumbra-sdk-sct v2.1.1 (D:\others\BIT\feasibility\upstream\penumbra\crates\core\component\sct)
warning: penumbra-sdk-proof-params@2.1.1: proving key file is lfs pointer: src/gen/output_pk.bin enable 'download-provi
ng-keys' feature to obtain key files
warning: penumbra-sdk-proof-params@2.1.1: proving key file is lfs pointer: src/gen/spend_pk.bin enable 'download-provin
g-keys' feature to obtain key files
warning: penumbra-sdk-proof-params@2.1.1: proving key file is lfs pointer: src/gen/swap_pk.bin enable 'download-proving
-keys' feature to obtain key files
warning: penumbra-sdk-proof-params@2.1.1: proving key file is lfs pointer: src/gen/swapclaim_pk.bin enable 'download-pr
oving-keys' feature to obtain key files
warning: penumbra-sdk-proof-params@2.1.1: proving key file is lfs pointer: src/gen/convert_pk.bin enable 'download-prov
ing-keys' feature to obtain key files
warning: penumbra-sdk-proof-params@2.1.1: proving key file is lfs pointer: src/gen/delegator_vote_pk.bin enable 'downlo
ad-proving-keys' feature to obtain key files
warning: penumbra-sdk-proof-params@2.1.1: proving key file is lfs pointer: src/gen/nullifier_derivation_pk.bin enable '
download-proving-keys' feature to obtain key files
    Checking bit-types v0.1.0 (D:\others\BIT\crates\bit-types)
    Checking tonic v0.12.3
    Checking penumbra-sdk-ibc v2.1.1 (D:\others\BIT\feasibility\upstream\penumbra\crates\core\component\ibc)
warning: function `pick_connection_version` is never used
 --> feasibility\upstream\penumbra\crates\core\component\ibc\src\version.rs:4:8
  |
4 | pub fn pick_connection_version(
  |        ^^^^^^^^^^^^^^^^^^^^^^^
  |
  = note: `#[warn(dead_code)]` (part of `#[warn(unused)]`) on by default

warning: `penumbra-sdk-ibc` (lib) generated 1 warning
    Checking penumbra-sdk-shielded-pool v2.1.1 (D:\others\BIT\feasibility\upstream\penumbra\crates\core\component\shiel
ded-pool)
warning: unused import: `channel::PortId`
 --> feasibility\upstream\penumbra\crates\core\component\shielded-pool\src\ics20_withdrawal.rs:1:43
  |
1 | use ibc_types::core::{channel::ChannelId, channel::PortId, client::Height as IbcHeight};
  |                                           ^^^^^^^^^^^^^^^
  |
  = note: `#[warn(unused_imports)]` (part of `#[warn(unused)]`) on by default

warning: function `algorithm_state` is never used
  --> feasibility\upstream\penumbra\crates\core\component\shielded-pool\src\fmd\state_key.rs:12:12
   |
12 |     pub fn algorithm_state() -> &'static str {
   |            ^^^^^^^^^^^^^^^
   |
   = note: `#[warn(dead_code)]` (part of `#[warn(unused)]`) on by default

warning: function `current` is never used
  --> feasibility\upstream\penumbra\crates\core\component\shielded-pool\src\fmd\state_key.rs:18:12
   |
18 |     pub fn current() -> &'static str {
   |            ^^^^^^^

warning: function `previous` is never used
  --> feasibility\upstream\penumbra\crates\core\component\shielded-pool\src\fmd\state_key.rs:22:12
   |
22 |     pub fn previous() -> &'static str {
   |            ^^^^^^^^

warning: `penumbra-sdk-shielded-pool` (lib) generated 4 warnings (run `cargo clippy --fix --lib -p penumbra-sdk-shielde
d-pool -- -D warnings` to apply 1 suggestion)
    Checking bit-shielded v0.1.0 (D:\others\BIT\crates\bit-shielded)
    Checking bit-emission v0.1.0 (D:\others\BIT\crates\bit-emission)
    Checking cnidarium v0.83.0 (D:\others\BIT\third_party\cnidarium)
    Checking bit-transaction v0.1.0 (D:\others\BIT\crates\bit-transaction)
    Checking bit-staking v0.1.0 (D:\others\BIT\crates\bit-staking)
    Checking bit-state v0.1.0 (D:\others\BIT\crates\bit-state)
    Checking bit-app v0.1.0 (D:\others\BIT\crates\bit-app)
    Checking bit-gateway v0.1.0 (D:\others\BIT\crates\bit-gateway)
    Finished `dev` profile [unoptimized + debuginfo] target(s) in 44.94s
