   Compiling cfg-if v1.0.0
   Compiling serde v1.0.217
   Compiling typenum v1.17.0
   Compiling generic-array v0.14.7
   Compiling once_cell v1.20.2
   Compiling getrandom v0.2.15
   Compiling bytes v1.9.0
   Compiling anyhow v1.0.95
   Compiling rand_core v0.6.4
   Compiling crypto-common v0.1.6
   Compiling block-buffer v0.10.4
   Compiling digest v0.10.7
   Compiling prost-derive v0.13.4
   Compiling pin-project-lite v0.2.16
   Compiling memchr v2.7.4
   Compiling zeroize v1.8.1
   Compiling prost v0.13.4
   Compiling zerocopy v0.7.35
   Compiling time-core v0.1.2
   Compiling futures-core v0.3.31
   Compiling num-conv v0.1.0
   Compiling time-macros v0.2.19
   Compiling deranged v0.3.11
   Compiling futures-sink v0.3.31
   Compiling futures-channel v0.3.31
   Compiling slab v0.4.9
   Compiling time v0.3.37
   Compiling sha2 v0.10.8
   Compiling subtle-encoding v0.5.1
   Compiling digest v0.9.0
   Compiling serde_bytes v0.11.15
   Compiling pin-utils v0.1.0
   Compiling futures-io v0.3.31
   Compiling futures-task v0.3.31
   Compiling futures-util v0.3.31
   Compiling tendermint-proto v0.40.1
   Compiling num-traits v0.2.19
   Compiling block-buffer v0.9.0
   Compiling curve25519-dalek-ng v4.1.1
   Compiling sha2 v0.9.9
   Compiling futures-executor v0.3.31
   Compiling ppv-lite86 v0.2.20
   Compiling constant_time_eq v0.3.1
   Compiling ryu v1.0.18
   Compiling arrayvec v0.7.6
   Compiling keccak v0.1.5
   Compiling itoa v1.0.14
   Compiling blake3 v1.5.5
   Compiling serde_json v1.0.137
   Compiling sha3 v0.10.8
   Compiling informalsystems-pbjson v0.7.0
   Compiling rand_chacha v0.3.1
   Compiling futures v0.3.31
   Compiling ed25519-consensus v2.1.0
   Compiling ripemd v0.1.3
   Compiling blake2 v0.10.6
   Compiling tracing-core v0.1.33
   Compiling tendermint v0.40.1
   Compiling ics23 v0.12.0
   Compiling rand v0.8.5
   Compiling crunchy v0.2.3
   Compiling cosmos-sdk-proto v0.26.1
   Compiling ibc-proto v0.51.1
   Compiling fixed-hash v0.8.0
   Compiling tracing v0.1.41
   Compiling uint v0.9.5
   Compiling ibc-types-timestamp v0.15.0
   Compiling ibc-types-identifier v0.15.0
   Compiling ibc-types-domain-type v0.15.0
   Compiling impl-serde v0.4.0
   Compiling primitive-types v0.12.2
   Compiling safe-regex v0.2.6
   Compiling tendermint-light-client-verifier v0.40.1
   Compiling libloading v0.8.6
   Compiling erased-serde v0.3.31
   Compiling dyn-clone v1.0.17
   Compiling ibc-types-core-commitment v0.15.0
   Compiling clang-sys v1.8.1
   Compiling ibc-types-core-client v0.15.0
   Compiling smallvec v1.13.2
   Compiling bindgen v0.65.1
   Compiling ibc-types-core-connection v0.15.0
   Compiling libc v0.2.169
   Compiling windows-sys v0.52.0
   Compiling winapi-x86_64-pc-windows-gnu v0.4.0
   Compiling lock_api v0.4.12
   Compiling parking_lot_core v0.9.10
   Compiling librocksdb-sys v0.11.0+8.1.1
   Compiling windows-sys v0.59.0
   Compiling regex-syntax v0.8.5
   Compiling fastrand v2.3.0
   Compiling winapi v0.3.9
   Compiling tempfile v3.15.0
   Compiling parking_lot v0.12.3
   Compiling borsh-derive v1.5.5
   Compiling ahash v0.8.11
   Compiling ibc-types-core-channel v0.15.0
   Compiling mio v1.0.3
   Compiling socket2 v0.5.8
   Compiling libz-sys v1.1.21
   Compiling lz4-sys v1.11.1+lz4-1.10.0
   Compiling bzip2-sys v0.1.11+1.0.8
   Compiling zstd-sys v2.0.13+zstd.1.5.6
   Compiling aho-corasick v1.1.3
   Compiling either v1.13.0
   Compiling itertools v0.10.5
   Compiling tokio v1.43.0
   Compiling thiserror v1.0.69
   Compiling regex-automata v0.4.9
   Compiling borsh v1.5.5
   Compiling ibc-types-path v0.15.0
   Compiling hashbrown v0.13.2
   Compiling ibc-types-lightclients-tendermint v0.15.0
   Compiling ibc-types-transfer v0.15.0
   Compiling structmeta-derive v0.2.0
   Compiling log v0.4.25
   Compiling wait-timeout v0.2.0
   Compiling overload v0.1.1
   Compiling rusty-fork v0.3.0
   Compiling nu-ansi-term v0.46.0
   Compiling jmt v0.11.0
   Compiling tracing-log v0.2.0
   Compiling pin-project v1.1.8
   Compiling structmeta v0.2.0
   Compiling ibc-types v0.15.0
   Compiling rocksdb v0.21.0
   Compiling regex v1.11.1
   Compiling tokio-stream v0.1.17
   Compiling rand_xorshift v0.3.0
   Compiling thread_local v1.1.8
   Compiling bitflags v2.8.0
   Compiling proptest v1.6.0
   Compiling tracing-subscriber v0.3.19
   Compiling test-strategy v0.3.1
   Compiling cnidarium v0.83.0 (D:\others\BIT\third_party\cnidarium)
    Finished `test` profile [unoptimized + debuginfo] target(s) in 10m 46s
     Running unittests src\lib.rs (feasibility\target\debug\deps\cnidarium-24de44c44fea9fd1.exe)

running 15 tests
test tests::range_queries_basic ... ok
test snapshot_cache::test::fail_zero_capacity ... ok
test tests::range_query_bad_range ... ok
test tests::delete_nonexistent_key ... ok
test snapshot_cache::test::fail_insert_stale_snapshot ... ok
test tests::range_query_overwrites ... ok
test snapshot_cache::test::cache_manage_pre_genesis ... ok
test snapshot_cache::test::drop_oldest_snapshot ... ok
test tests::range_query_prepend_peeked_value ... ok
test snapshot_cache::test::fail_insert_gapped_snapshot ... ok
test tests::range_query_ordering ... ok
test tests::range_query_storage_basic ... ok
test tests::range_query_storage ... ok
test tests::simple_flow ... ok
test tests::db_lock_is_released ... ok

test result: ok. 15 passed; 0 failed; 0 ignored; 0 measured; 0 filtered out; finished in 6.08s

     Running tests\migration.rs (feasibility\target\debug\deps\migration-020678320b0203f1.exe)

running 0 tests

test result: ok. 0 passed; 0 failed; 0 ignored; 0 measured; 0 filtered out; finished in 0.00s

     Running tests\substore_tests.rs (feasibility\target\debug\deps\substore_tests-c71f54d983814362.exe)

running 9 tests
test test_substore_nv_range_queries_main_store ... ignored
test test_disallow_empty_prefix - should panic ... ok
test reproduction_bad_substore_cache_range ... ok
test test_route_key_cases ... ok
test test_substore_proofs ... ok
test test_substore_prefix_queries ... ok
test test_substore_nv_prefix ... ok
test test_substore_prefix_keys ... ok
test test_substore_simple ... ok

test result: ok. 8 passed; 0 failed; 1 ignored; 0 measured; 0 filtered out; finished in 5.33s

     Running tests\write_batch.rs (feasibility\target\debug\deps\write_batch-0e6ed970442d4322.exe)

running 3 tests
test test_write_batch_stale_version_substores ... ok
test test_two_empty_writes ... ok
test test_batch_substore ... ok

test result: ok. 3 passed; 0 failed; 0 ignored; 0 measured; 0 filtered out; finished in 3.16s

   Doc-tests cnidarium

running 0 tests

test result: ok. 0 passed; 0 failed; 0 ignored; 0 measured; 0 filtered out; finished in 0.00s
