    Blocking waiting for file lock on package cache
   Compiling proc-macro2 v1.0.107
   Compiling unicode-ident v1.0.24
   Compiling quote v1.0.47
   Compiling version_check v0.9.5
   Compiling typenum v1.20.1
   Compiling cfg-if v1.0.4
   Compiling subtle v2.6.1
   Compiling getrandom v0.2.17
   Compiling rand_core v0.6.4
   Compiling serde_core v1.0.229
   Compiling generic-array v0.14.7
   Compiling autocfg v1.5.1
   Compiling const-oid v0.9.6
   Compiling serde v1.0.229
   Compiling pin-project-lite v0.2.17
   Compiling once_cell v1.21.4
   Compiling zerocopy v0.8.56
   Compiling num-traits v0.2.19
   Compiling paste v1.0.15
   Compiling anyhow v1.0.104
   Compiling syn v2.0.119
   Compiling syn v3.0.5
   Compiling cpufeatures v0.2.17
   Compiling tracing-core v0.1.36
   Compiling futures-core v0.3.34
   Compiling either v1.18.0
   Compiling crossbeam-utils v0.8.23
   Compiling log v0.4.34
   Compiling itertools v0.14.0
   Compiling syn v1.0.109
   Compiling crossbeam-epoch v0.9.21
   Compiling memchr v2.8.3
   Compiling ppv-lite86 v0.2.21
   Compiling crossbeam-deque v0.8.8
   Compiling futures-sink v0.3.34
   Compiling rand_chacha v0.3.1
   Compiling serde_derive v1.0.229
   Compiling zeroize_derive v1.5.0
   Compiling rand v0.8.8
   Compiling tracing-attributes v0.1.31
   Compiling prost-derive v0.13.5
   Compiling zeroize v1.9.0
   Compiling rayon-core v1.13.0
   Compiling crypto-common v0.1.7
   Compiling block-buffer v0.10.4
   Compiling tracing v0.1.44
   Compiling hex v0.4.3
   Compiling digest v0.10.7
   Compiling sha2 v0.10.9
   Compiling slab v0.4.12
   Compiling futures-channel v0.3.34
   Compiling itoa v1.0.18
   Compiling rayon v1.12.0
   Compiling num-integer v0.1.47
   Compiling bytes v1.12.1
   Compiling futures-macro v0.3.34
   Compiling futures-io v0.3.34
   Compiling futures-task v0.3.34
   Compiling num-bigint v0.4.8
   Compiling ark-serialize-derive v0.4.2
   Compiling blake2 v0.10.6
   Compiling futures-util v0.3.34
   Compiling ahash v0.8.12
   Compiling ark-std v0.4.0
   Compiling derivative v2.2.0
   Compiling ark-serialize v0.4.2
   Compiling ark-ff-asm v0.4.2
   Compiling ark-ff-macros v0.4.2
   Compiling itertools v0.10.5
   Compiling prost v0.13.5
   Compiling hashbrown v0.13.2
   Compiling num-conv v0.2.2
   Compiling byteorder v1.5.0
   Compiling time-core v0.1.9
   Compiling ark-ff v0.4.2
   Compiling signature v2.2.0
   Compiling digest v0.9.0
   Compiling time-macros v0.2.32
   Compiling deranged v0.5.8
   Compiling powerfmt v0.2.0
   Compiling opaque-debug v0.3.1
   Compiling subtle-encoding v0.5.1
   Compiling tracing-subscriber v0.2.25
   Compiling serde_bytes v0.11.19
   Compiling flex-error v0.4.4
   Compiling zmij v1.0.23
   Compiling base64 v0.21.7
   Compiling arrayvec v0.7.8
   Compiling time v0.3.55
   Compiling shlex v2.0.1
   Compiling find-msvc-tools v0.1.12
   Compiling constant_time_eq v0.4.2
   Compiling block-buffer v0.9.0
   Compiling cc v1.4.5
   Compiling subtle-ng v2.5.0
   Compiling serde_json v1.0.151
   Compiling safe-proc-macro2 v1.0.95
   Compiling curve25519-dalek-ng v4.1.1
   Compiling sha2 v0.9.9
   Compiling tendermint-proto v0.40.4
   Compiling blake3 v1.8.7
   Compiling ark-poly v0.4.2
   Compiling ark-relations v0.4.0
   Compiling futures-executor v0.3.34
   Compiling windows-link v0.2.1
   Compiling unicode-xid v0.2.6
   Compiling ark-snark v0.4.0
   Compiling futures v0.3.34
   Compiling ed25519-consensus v2.1.0
   Compiling ark-ec v0.4.2
   Compiling informalsystems-pbjson v0.7.0
   Compiling ed25519 v2.2.3
   Compiling ripemd v0.1.3
   Compiling serde_repr v0.1.21
   Compiling displaydoc v0.2.7
   Compiling crunchy v0.2.4
   Compiling cpufeatures v0.3.1
   Compiling static_assertions v1.1.0
   Compiling keccak v0.1.6
   Compiling sha3 v0.10.9
   Compiling ark-crypto-primitives v0.4.0
   Compiling ark-bls12-377 v0.4.0
   Compiling safe-quote v1.0.40
   Compiling base64 v0.22.1
   Compiling allocator-api2 v0.2.21
   Compiling safe-regex-compiler v0.2.6
   Compiling ics23 v0.12.0
   Compiling hashbrown v0.14.5
   Compiling ark-ed-on-bls12-377 v0.4.0
   Compiling ark-groth16 v0.4.0
   Compiling ark-r1cs-std v0.4.0
   Compiling derive_more v0.99.20
   Compiling rustc-hex v2.1.0
   Compiling uint v0.9.5
   Compiling fixed-hash v0.8.0
   Compiling safe-regex-macro v0.2.6
   Compiling ibc-types-identifier v0.15.1
   Compiling ibc-types-domain-type v0.15.1
   Compiling impl-serde v0.4.0
   Compiling getrandom v0.4.3
   Compiling primitive-types v0.12.2
   Compiling safe-regex v0.2.6
   Compiling erased-serde v0.3.31
   Compiling dyn-clone v1.0.20
   Compiling regex-syntax v0.8.11
   Compiling prettyplease v0.2.37
   Compiling equivalent v1.0.2
   Compiling hashbrown v0.17.1
   Compiling windows-sys v0.61.2
   Compiling indexmap v2.14.2
   Compiling regex-automata v0.4.18
   Compiling prost-types v0.13.5
   Compiling tendermint v0.40.4
   Compiling cosmos-sdk-proto v0.26.1
   Compiling fastrand v2.5.0
   Compiling fixedbitset v0.5.7
   Compiling heck v0.5.0
   Compiling thiserror v1.0.69
   Compiling tempfile v3.27.0
   Compiling petgraph v0.7.1
   Compiling regex v1.13.1
   Compiling thiserror-impl v1.0.69
   Compiling ibc-types-timestamp v0.15.1
   Compiling tendermint-light-client-verifier v0.40.4
   Compiling itertools v0.13.0
   Compiling multimap v0.10.1
   Compiling radium v0.7.0
   Compiling unicode-xid v0.1.0
   Compiling proc-macro2 v0.1.10
   Compiling prost-build v0.13.5
   Compiling decaf377 v0.10.1
   Compiling pbjson-build v0.7.0
   Compiling pin-project-internal v1.1.13
   Compiling async-trait v0.1.92
   Compiling tap v1.0.1
   Compiling smallvec v1.16.0
   Compiling wyz v0.5.1
   Compiling pbjson-types v0.7.0
   Compiling pin-project v1.1.13
   Compiling mio v1.2.3
   Compiling socket2 v0.6.5
   Compiling blake2b_simd v1.0.5
   Compiling ibc-proto v0.51.1
   Compiling tokio-macros v2.7.2
   Compiling funty v2.0.0
   Compiling constant_time_eq v0.1.5
   Compiling arrayvec v0.5.2
   Compiling arrayref v0.3.9
   Compiling blake2b_simd v0.5.11
   Compiling bitvec v1.1.1
   Compiling tokio v1.53.1
   Compiling ibc-types-transfer v0.15.1
   Compiling pbjson v0.7.0
   Compiling http v1.5.0
   Compiling chrono v0.4.45
   Compiling penumbra-sdk-proto v2.1.1 (D:\others\BIT\feasibility\upstream\penumbra\crates\proto)
   Compiling bech32 v0.8.1
   Compiling rustversion v1.0.23
   Compiling ibc-types-core-client v0.15.1
   Compiling ibc-types-core-commitment v0.15.1
   Compiling ibc-types-core-connection v0.15.1
   Compiling ibc-types-core-channel v0.15.1
   Compiling ibc-types-lightclients-tendermint v0.15.1
   Compiling ident_case v1.0.1
   Compiling strsim v0.11.1
   Compiling ibc-types-path v0.15.1
   Compiling ibc-types v0.15.1
   Compiling darling_core v0.24.1
   Compiling decaf377-fmd v2.1.1 (D:\others\BIT\feasibility\upstream\penumbra\crates\crypto\decaf377-fmd)
   Compiling decaf377-rdsa v0.11.0
   Compiling poseidon-parameters v1.1.0
   Compiling hmac v0.12.1
   Compiling der v0.7.10
   Compiling ff v0.13.1
   Compiling parking_lot_core v0.9.12
   Compiling base16ct v0.2.0
   Compiling tower-service v0.3.3
   Compiling group v0.13.0
   Compiling darling_macro v0.24.1
   Compiling sec1 v0.7.3
   Compiling poseidon-permutation v1.1.0
   Compiling tokio-util v0.7.19
   Compiling http-body v1.1.0
   Compiling crypto-bigint v0.5.5
   Compiling aho-corasick v1.1.5
   Compiling bitmaps v2.1.0
   Compiling im v15.1.0
   Compiling scopeguard v1.2.0
   Compiling sized-chunks v0.6.5
   Compiling lock_api v0.4.14
   Compiling elliptic-curve v0.13.8
   Compiling darling v0.24.1
   Compiling poseidon377 v1.2.0
   Compiling rfc6979 v0.4.0
   Compiling rand_xoshiro v0.6.0
   Compiling tower-layer v0.3.3
   Compiling windows_x86_64_gnu v0.52.6
   Compiling httparse v1.10.1
   Compiling ecdsa v0.16.9
   Compiling parking_lot v0.12.5
   Compiling serde_with_macros v3.23.0
   Compiling ibig v0.3.6
   Compiling inout v0.1.4
   Compiling cipher v0.3.0
   Compiling universal-hash v0.4.0
   Compiling indexmap v1.9.3
   Compiling atomic-waker v1.1.2
   Compiling hash_hasher v2.0.4
   Compiling ethnum v1.5.3
   Compiling libc v0.2.189
   Compiling try-lock v0.2.5
   Compiling fnv v1.0.7
   Compiling h2 v0.4.19
   Compiling want v0.3.1
   Compiling chacha20 v0.8.2
   Compiling poly1305 v0.7.2
   Compiling serde_with v3.23.0
   Compiling cipher v0.4.4
   Compiling k256 v0.13.4
   Compiling pbkdf2 v0.12.2
   Compiling bs58 v0.5.1
   Compiling aead v0.4.3
   Compiling sync_wrapper v1.0.2
   Compiling httpdate v1.0.3
   Compiling lazy_static v1.5.0
   Compiling hashbrown v0.12.3
   Compiling hyper v1.11.1
   Compiling penumbra-sdk-tct v2.1.1 (D:\others\BIT\feasibility\upstream\penumbra\crates\crypto\tct)
   Compiling penumbra-sdk-num v2.1.1 (D:\others\BIT\feasibility\upstream\penumbra\crates\core\num)
   Compiling penumbra-sdk-asset v2.1.1 (D:\others\BIT\feasibility\upstream\penumbra\crates\core\asset)
warning: hiding a lifetime that's elided elsewhere is confusing
   --> D:\others\BIT\feasibility\upstream\penumbra\crates\crypto\tct\src\tree.rs:753:22
    |
753 |     pub fn structure(&self) -> structure::Node {
    |                      ^^^^^     ^^^^^^^^^^^^^^^ the same lifetime is hidden here
    |                      |
    |                      the lifetime is elided here
    |
    = help: the same lifetime is referred to in inconsistent ways, making the signature confusing
    = note: `#[warn(mismatched_lifetime_syntaxes)]` on by default
help: use `'_` for type paths
    |
753 |     pub fn structure(&self) -> structure::Node<'_> {
    |                                               ++++

warning: hiding a lifetime that's elided elsewhere is confusing
   --> D:\others\BIT\feasibility\upstream\penumbra\crates\crypto\tct\src\internal\three.rs:106:18
    |
106 |     pub fn elems(&self) -> Elems<T> {
    |                  ^^^^^     ^^^^^^^^ the same lifetime is hidden here
    |                  |
    |                  the lifetime is elided here
    |
    = help: the same lifetime is referred to in inconsistent ways, making the signature confusing
help: use `'_` for type paths
    |
106 |     pub fn elems(&self) -> Elems<'_, T> {
    |                                  +++

warning: hiding a lifetime that's elided elsewhere is confusing
   --> D:\others\BIT\feasibility\upstream\penumbra\crates\crypto\tct\src\internal\three.rs:117:22
    |
117 |     pub fn elems_mut(&mut self) -> ElemsMut<T> {
    |                      ^^^^^^^^^     ^^^^^^^^^^^ the same lifetime is hidden here
    |                      |
    |                      the lifetime is elided here
    |
    = help: the same lifetime is referred to in inconsistent ways, making the signature confusing
help: use `'_` for type paths
    |
117 |     pub fn elems_mut(&mut self) -> ElemsMut<'_, T> {
    |                                             +++

   Compiling chacha20poly1305 v0.9.1
   Compiling bip32 v0.5.3
   Compiling windows-targets v0.52.6
   Compiling aes v0.8.4
   Compiling rapidhash v4.5.1
   Compiling http-body-util v0.1.5
   Compiling f4jumble v0.1.1
   Compiling decaf377-ka v2.1.1 (D:\others\BIT\feasibility\upstream\penumbra\crates\crypto\decaf377-ka)
   Compiling mime v0.3.17
   Compiling metrics v0.24.6
   Compiling axum-core v0.4.5
   Compiling penumbra-sdk-keys v2.1.1 (D:\others\BIT\feasibility\upstream\penumbra\crates\core\keys)
   Compiling hyper-util v0.1.20
   Compiling penumbra-sdk-txhash v2.1.1 (D:\others\BIT\feasibility\upstream\penumbra\crates\core\txhash)
   Compiling windows-sys v0.52.0
   Compiling tower v0.4.13
   Compiling tower v0.5.3
   Compiling bincode v1.3.3
   Compiling async-stream-impl v0.3.6
   Compiling penumbra-sdk-proof-params v2.1.1 (D:\others\BIT\feasibility\upstream\penumbra\crates\crypto\proof-params)
   Compiling matchit v0.7.3
   Compiling percent-encoding v2.3.2
   Compiling axum v0.7.9
   Compiling async-stream v0.3.6
warning: penumbra-sdk-proof-params@2.1.1: proving key file is lfs pointer: src/gen/output_pk.bin enable 'download-proving-keys' feature to obtain key files
warning: penumbra-sdk-proof-params@2.1.1: proving key file is lfs pointer: src/gen/spend_pk.bin enable 'download-proving-keys' feature to obtain key files
warning: penumbra-sdk-proof-params@2.1.1: proving key file is lfs pointer: src/gen/swap_pk.bin enable 'download-proving-keys' feature to obtain key files
warning: penumbra-sdk-proof-params@2.1.1: proving key file is lfs pointer: src/gen/swapclaim_pk.bin enable 'download-proving-keys' feature to obtain key files
warning: penumbra-sdk-proof-params@2.1.1: proving key file is lfs pointer: src/gen/convert_pk.bin enable 'download-proving-keys' feature to obtain key files
warning: penumbra-sdk-proof-params@2.1.1: proving key file is lfs pointer: src/gen/delegator_vote_pk.bin enable 'download-proving-keys' feature to obtain key files
warning: penumbra-sdk-proof-params@2.1.1: proving key file is lfs pointer: src/gen/nullifier_derivation_pk.bin enable 'download-proving-keys' feature to obtain key files
   Compiling penumbra-sdk-sct v2.1.1 (D:\others\BIT\feasibility\upstream\penumbra\crates\core\component\sct)
   Compiling hyper-timeout v0.5.2
   Compiling socket2 v0.5.10
   Compiling tokio-stream v0.1.19
   Compiling penumbra-sdk-ibc v2.1.1 (D:\others\BIT\feasibility\upstream\penumbra\crates\core\component\ibc)
warning: function `pick_connection_version` is never used
 --> D:\others\BIT\feasibility\upstream\penumbra\crates\core\component\ibc\src\version.rs:4:8
  |
4 | pub fn pick_connection_version(
  |        ^^^^^^^^^^^^^^^^^^^^^^^
  |
  = note: `#[warn(dead_code)]` (part of `#[warn(unused)]`) on by default

   Compiling tonic v0.12.3
warning: `penumbra-sdk-ibc` (lib) generated 1 warning
   Compiling penumbra-sdk-shielded-pool v2.1.1 (D:\others\BIT\feasibility\upstream\penumbra\crates\core\component\shielded-pool)
warning: unused import: `channel::PortId`
 --> D:\others\BIT\feasibility\upstream\penumbra\crates\core\component\shielded-pool\src\ics20_withdrawal.rs:1:43
  |
1 | use ibc_types::core::{channel::ChannelId, channel::PortId, client::Height as IbcHeight};
  |                                           ^^^^^^^^^^^^^^^
  |
  = note: `#[warn(unused_imports)]` (part of `#[warn(unused)]`) on by default

warning: function `algorithm_state` is never used
  --> D:\others\BIT\feasibility\upstream\penumbra\crates\core\component\shielded-pool\src\fmd\state_key.rs:12:12
   |
12 |     pub fn algorithm_state() -> &'static str {
   |            ^^^^^^^^^^^^^^^
   |
   = note: `#[warn(dead_code)]` (part of `#[warn(unused)]`) on by default

warning: function `current` is never used
  --> D:\others\BIT\feasibility\upstream\penumbra\crates\core\component\shielded-pool\src\fmd\state_key.rs:18:12
   |
18 |     pub fn current() -> &'static str {
   |            ^^^^^^^

warning: function `previous` is never used
  --> D:\others\BIT\feasibility\upstream\penumbra\crates\core\component\shielded-pool\src\fmd\state_key.rs:22:12
   |
22 |     pub fn previous() -> &'static str {
   |            ^^^^^^^^

warning: `penumbra-sdk-tct` (lib) generated 3 warnings (run `cargo fix --lib -p penumbra-sdk-tct` to apply 3 suggestions)
warning: `penumbra-sdk-shielded-pool` (lib) generated 4 warnings (run `cargo fix --lib -p penumbra-sdk-shielded-pool` to apply 1 suggestion)
   Compiling bit-proof-probe v0.1.0 (D:\others\BIT\feasibility\proof-probe)
    Finished `release` profile [optimized] target(s) in 4m 07s
